[1;32m+ [0m[0;34mMon Jul 12 06:22:58 2021[0m [1;32mtag1 tag2[0m [0;33m[[0;33m][0m [0;31m[[0;31m][0m [0;31m[[0;31m][0m [0;35m[oy vey[0;35m][0m [0;90m[][0m
[1;32m+ [0m[0;34mMon Jul 12 06:22:58 2021[0m [1;32mtest asd dea s[0m [0;33m[[0;33m][0m [0;31m[[0;31m][0m [0;31m[[0;31m][0m [0;35m[[0;35m][0m [0;90m[][0m
[1;32m+ [0m[0;34mMon Jul 12 06:22:58 2021[0m [1;32mtest[0m [0;33m[[0;33m][0m [0;31m[[0;31m][0m [0;31m[[0;31m][0m [0;35m[[0;35m][0m [0;90m[][0m
[0;34m< new entry password:[0m [0;34m< confirm password:[0m [1;32m+ [0m[0;34mMon Jul 12 06:22:58 2021[0m [1;32masdfa lel[0m [0;33m[[0;33m][0m [0;31m[[0;90m******[0m[0;31m][0m [0;31m[[0;31m][0m [0;35m[[0;35m][0m [0;90m[][0m
